//starts under bash//

codeally@1f943fa77b1c:~/project$ psql --username=freecodecamp --dbname=postgres
psql (12.9 (Ubuntu 12.9-2.pgdg20.04+1))
Type "help" for help.

//switches to psql//

postgres=> CREATE DATABASE worldcup;
postgres=> \c worldcup

worldcup=> CREATE TABLE teams (
    team_id SERIAL PRIMARY KEY,
    name VARCHAR(255) UNIQUE NOT NULL
);

worldcup=> CREATE TABLE games (
    game_id SERIAL PRIMARY KEY,
    year INT NOT NULL,
    round VARCHAR NOT NULL,
    winner_id INT NOT NULL REFERENCES teams(team_id),
    opponent_id INT NOT NULL REFERENCES teams(team_id),
    winner_goals INT NOT NULL,
    opponent_goals INT NOT NULL
);

//Under bash//

codeally@1f943fa77b1c:~/project$ ./insert_data.sh
TRUNCATE TABLE
INSERT 0 1
Insert success : France
INSERT 0 1
Insert success : Croatia
INSERT 0 1
Insert success : 2018, Final, 1, 2, 4, 2
INSERT 0 1
Insert success : Belgium
INSERT 0 1
Insert success : England
INSERT 0 1
Insert success : 2018, Third Place, 3, 4, 2, 0
INSERT 0 1
Insert success : 2018, Semi-Final, 2, 4, 2, 1
INSERT 0 1
Insert success : 2018, Semi-Final, 1, 3, 1, 0
INSERT 0 1
Insert success : Russia
INSERT 0 1
Insert success : 2018, Quarter-Final, 2, 5, 3, 2
INSERT 0 1
Insert success : Sweden
INSERT 0 1
Insert success : 2018, Quarter-Final, 4, 6, 2, 0
INSERT 0 1
Insert success : Brazil
INSERT 0 1
Insert success : 2018, Quarter-Final, 3, 7, 2, 1
INSERT 0 1
Insert success : Uruguay
INSERT 0 1
Insert success : 2018, Quarter-Final, 1, 8, 2, 0
INSERT 0 1
Insert success : Colombia
INSERT 0 1
Insert success : 2018, Eighth-Final, 4, 9, 2, 1
INSERT 0 1
Insert success : Switzerland
INSERT 0 1
Insert success : 2018, Eighth-Final, 6, 10, 1, 0
INSERT 0 1
Insert success : Japan
INSERT 0 1
Insert success : 2018, Eighth-Final, 3, 11, 3, 2
INSERT 0 1
Insert success : Mexico
INSERT 0 1
Insert success : 2018, Eighth-Final, 7, 12, 2, 0
INSERT 0 1
Insert success : Denmark
INSERT 0 1
Insert success : 2018, Eighth-Final, 2, 13, 2, 1
INSERT 0 1
Insert success : Spain
INSERT 0 1
Insert success : 2018, Eighth-Final, 5, 14, 2, 1
INSERT 0 1
Insert success : Portugal
INSERT 0 1
Insert success : 2018, Eighth-Final, 8, 15, 2, 1
INSERT 0 1
Insert success : Argentina
INSERT 0 1
Insert success : 2018, Eighth-Final, 1, 16, 4, 3
INSERT 0 1
Insert success : Germany
INSERT 0 1
Insert success : 2014, Final, 17, 16, 1, 0
INSERT 0 1
Insert success : Netherlands
INSERT 0 1
Insert success : 2014, Third Place, 18, 7, 3, 0
INSERT 0 1
Insert success : 2014, Semi-Final, 16, 18, 1, 0
INSERT 0 1
Insert success : 2014, Semi-Final, 17, 7, 7, 1
INSERT 0 1
Insert success : Costa Rica
INSERT 0 1
Insert success : 2014, Quarter-Final, 18, 19, 1, 0
INSERT 0 1
Insert success : 2014, Quarter-Final, 16, 3, 1, 0
INSERT 0 1
Insert success : 2014, Quarter-Final, 7, 9, 2, 1
INSERT 0 1
Insert success : 2014, Quarter-Final, 17, 1, 1, 0
INSERT 0 1
Insert success : Chile
INSERT 0 1
Insert success : 2014, Eighth-Final, 7, 20, 2, 1
INSERT 0 1
Insert success : 2014, Eighth-Final, 9, 8, 2, 0
INSERT 0 1
Insert success : Nigeria
INSERT 0 1
Insert success : 2014, Eighth-Final, 1, 21, 2, 0
INSERT 0 1
Insert success : Algeria
INSERT 0 1
Insert success : 2014, Eighth-Final, 17, 22, 2, 1
INSERT 0 1
Insert success : 2014, Eighth-Final, 18, 12, 2, 1
INSERT 0 1
Insert success : Greece
INSERT 0 1
Insert success : 2014, Eighth-Final, 19, 23, 2, 1
INSERT 0 1
Insert success : 2014, Eighth-Final, 16, 10, 1, 0
INSERT 0 1
Insert success : United States
INSERT 0 1
Insert success : 2014, Eighth-Final, 3, 24, 2, 1
codeally@1f943fa77b1c:~/project$ ./queries.sh
bash: ./queries.sh: Permission denied
codeally@1f943fa77b1c:~/project$ ./queries.sh
bash: ./queries.sh: Permission denied
codeally@1f943fa77b1c:~/project$ chmod +x queries.sh
codeally@1f943fa77b1c:~/project$ ./queries.sh

Total number of goals in all games from winning teams:
68

Total number of goals in all games from both teams combined:
90

Average number of goals in all games from the winning teams:
2.1250000000000000

Average number of goals in all games from the winning teams rounded to two decimal places:
2.13

Average number of goals in all games from both teams:
2.8125000000000000

Most goals scored in a single game by one team:
7

Number of games where the winning team scored more than two goals:
6

Winner of the 2018 tournament team name:
France

List of teams who played in the 2014 'Eighth-Final' round:
Algeria Argentina Belgium Brazil Chile Colombia Costa Rica France Germany Greece Mexico Netherlands Nigeria Switzerland United States Uruguay

List of unique winning team names in the whole data set:
Argentina Belgium Brazil Colombia Costa Rica Croatia England France Germany Netherlands Russia Sweden Uruguay

Year and team name of all the champions:
2014|Germany 2018|France

List of teams that start with 'Co':
Colombia Costa Rica
